// Jest Snapshot v1, https://goo.gl/fbAQLP

exports[`OrderForm Component matches snapshot DOM node structure 1`] = `
<DocumentFragment>
  <form>
    <input
      name="name"
      placeholder="Name"
      type="text"
      value=""
    />
    <button
      name="beans"
    >
      beans
    </button>
    <button
      name="steak"
    >
      steak
    </button>
    <button
      name="carnitas"
    >
      carnitas
    </button>
    <button
      name="sofritas"
    >
      sofritas
    </button>
    <button
      name="lettuce"
    >
      lettuce
    </button>
    <button
      name="queso fresco"
    >
      queso fresco
    </button>
    <button
      name="pico de gallo"
    >
      pico de gallo
    </button>
    <button
      name="hot sauce"
    >
      hot sauce
    </button>
    <button
      name="guacamole"
    >
      guacamole
    </button>
    <button
      name="jalapenos"
    >
      jalapenos
    </button>
    <button
      name="cilantro"
    >
      cilantro
    </button>
    <button
      name="sour cream"
    >
      sour cream
    </button>
    <p>
      Order: Nothing selected
    </p>
    <input
      type="submit"
      value="Submit"
    />
  </form>
</DocumentFragment>
`;
